$ /Applications/Godot.app/Contents/MacOS/Godot --headless --path /Users/vinhpham/Projects/rebirth-dungeon --export-debug Windows Desktop /Users/vinhpham/Projects/rebirth-dungeon/build/windows/game.exe
Godot Engine v4.7.2.stable.official.ed1daf0bf - https://godotengine.org

[   0% ] first_scan_filesystem | Started Project initialization (5 steps)
[   0% ] first_scan_filesystem | Scanning file structure...
[  16% ] first_scan_filesystem | Loading global class names...
[  33% ] first_scan_filesystem | Verifying GDExtensions...
[  50% ] first_scan_filesystem | Creating autoload scripts...
[  66% ] first_scan_filesystem | Initializing plugins...
[  83% ] first_scan_filesystem | Starting file scan...
[ DONE ] first_scan_filesystem

ERROR: Cannot export project with preset "Windows Desktop" due to configuration errors:
No export template found at the expected path:
/Users/vinhpham/Library/Application Support/Godot/export_templates/4.7.2.stable/windows_debug_x86_64.exe
No export template found at the expected path:
/Users/vinhpham/Library/Application Support/Godot/export_templates/4.7.2.stable/windows_release_x86_64.exe

   at: _fs_changed (editor/editor_node.cpp:1401)
ERROR: Project export for preset "Windows Desktop" failed.
   at: _fs_changed (editor/editor_node.cpp:1417)
cannot connect to daemon at tcp:5037: Connection refused

EXIT_CODE: 1
