$ /Applications/Godot.app/Contents/MacOS/Godot --headless --path /private/var/folders/k9/gvzsj_xs4g7c0v5wfksy502r0000gn/T/rebirth-baseline-b3cl07cr/project --editor --import
Godot Engine v4.7.2.stable.official.ed1daf0bf - https://godotengine.org

[   0% ] first_scan_filesystem | Started Project initialization (5 steps)
[   0% ] first_scan_filesystem | Scanning file structure...
[  16% ] first_scan_filesystem | Loading global class names...
[  33% ] first_scan_filesystem | Verifying GDExtensions...
[  50% ] first_scan_filesystem | Creating autoload scripts...
[  66% ] first_scan_filesystem | Initializing plugins...
[  83% ] first_scan_filesystem | Starting file scan...
[ DONE ] first_scan_filesystem

[   0% ] update_scripts_classes | Started Registering global classes... (43 steps)
[   0% ] update_scripts_classes | 
[   2% ] update_scripts_classes | BeckettCaptures
[   4% ] update_scripts_classes | BeckettClientConfig
[   6% ] update_scripts_classes | BeckettEffort
[   9% ] update_scripts_classes | 
[  11% ] update_scripts_classes | BeckettHttpServer
[  13% ] update_scripts_classes | BeckettJobs
[  15% ] update_scripts_classes | BeckettJsonRpc
[  18% ] update_scripts_classes | 
[  20% ] update_scripts_classes | BeckettReflect
[  22% ] update_scripts_classes | BeckettRuntimeBridge
[  25% ] update_scripts_classes | BeckettToolRegistry
[  27% ] update_scripts_classes | 
[  29% ] update_scripts_classes | BeckettPrompts
[  31% ] update_scripts_classes | BeckettResources
[  34% ] update_scripts_classes | 
[  36% ] update_scripts_classes | 
[  38% ] update_scripts_classes | 
[  40% ] update_scripts_classes | 
[  43% ] update_scripts_classes | BeckettTestCase
[  45% ] update_scripts_classes | 
[  47% ] update_scripts_classes | 
[  50% ] update_scripts_classes | 
[  52% ] update_scripts_classes | 
[  54% ] update_scripts_classes | 
[  56% ] update_scripts_classes | 
[  59% ] update_scripts_classes | 
[  61% ] update_scripts_classes | BeckettAnalysisTools
[  63% ] update_scripts_classes | BeckettBatchTools
[  65% ] update_scripts_classes | BeckettCSharpTools
[  68% ] update_scripts_classes | BeckettHelpTools
[  70% ] update_scripts_classes | BeckettProjectTools
[  72% ] update_scripts_classes | BeckettReflectionTools
[  75% ] update_scripts_classes | BeckettResourceTools
[  77% ] update_scripts_classes | BeckettRuntimeObserveTools
[  79% ] update_scripts_classes | BeckettRunTools
[  81% ] update_scripts_classes | BeckettSceneTools
[  84% ] update_scripts_classes | BeckettScriptTools
[  86% ] update_scripts_classes | BeckettSignalTools
[  88% ] update_scripts_classes | BeckettTemplateTools
[  90% ] update_scripts_classes | 
[  93% ] update_scripts_classes | 
[  95% ] update_scripts_classes | 
[ DONE ] update_scripts_classes

[   0% ] _update_scan_actions | Started Scanning actions... (8 steps)
[   0% ] _update_scan_actions | battle-after-restart.png
[  11% ] _update_scan_actions | battle-before-restart.png
[  22% ] _update_scan_actions | ios-loading-blocker.png
[  33% ] _update_scan_actions | shop-purchase.png
[  44% ] _update_scan_actions | town.png
[  55% ] _update_scan_actions | victory-return.png
[  66% ] _update_scan_actions | main.png
[  77% ] _update_scan_actions | icon.svg
[ DONE ] _update_scan_actions

[   0% ] reimport | Started (Re)Importing Assets (8 steps)
[   0% ] reimport | Preparing files to reimport...
[  11% ] reimport | Preparing files to reimport...
[  22% ] reimport | Preparing files to reimport...
[  33% ] reimport | Preparing files to reimport...
[  44% ] reimport | Preparing files to reimport...
[  55% ] reimport | Preparing files to reimport...
[  66% ] reimport | Preparing files to reimport...
[  77% ] reimport | Preparing files to reimport...
[   0% ] reimport | Executing pre-reimport operations...
[   0% ] reimport | battle-after-restart.png
[  11% ] reimport | battle-before-restart.png
[  22% ] reimport | ios-loading-blocker.png
[  33% ] reimport | shop-purchase.png
[  44% ] reimport | town.png
[  55% ] reimport | victory-return.png
[  66% ] reimport | main.png
[  77% ] reimport | icon.svg
[  88% ] reimport | Finalizing Asset Import...
[ DONE ] reimport

[   0% ] reimport | Started (Re)Importing Assets (8 steps)
[   0% ] reimport | Executing post-reimport operations...
[ DONE ] reimport

[   0% ] loading_editor_layout | Started Loading editor (5 steps)
[   0% ] loading_editor_layout | Loading editor layout...
[  16% ] loading_editor_layout | Loading docks...
[ DONE ] loading_editor_layout


EXIT_CODE: 0
