$ /Applications/Godot.app/Contents/MacOS/Godot --headless --path /Users/vinhpham/Projects/RebirthDungeon --export-pack iOS /Users/vinhpham/Projects/RebirthDungeon/build/verification/assets-4.zip
Godot Engine v4.7.2.stable.official.ed1daf0bf - https://godotengine.org

[   0% ] first_scan_filesystem | Started Project initialization (5 steps)
[   0% ] first_scan_filesystem | Scanning file structure...
[  16% ] first_scan_filesystem | Loading global class names...
[  33% ] first_scan_filesystem | Verifying GDExtensions...
[  50% ] first_scan_filesystem | Creating autoload scripts...
[  66% ] first_scan_filesystem | Initializing plugins...
[  83% ] first_scan_filesystem | Starting file scan...
[ DONE ] first_scan_filesystem

[   0% ] savezip | Started Packing (102 steps)
[   5% ] savezip | Storing File: res://addons/beckett/runtime/beckett_autoload.gdc
[  17% ] savezip | Storing File: res://addons/dialogue_manager/compiler/compilation.gdc
[  17% ] savezip | Storing File: res://addons/dialogue_manager/compiler/compiled_line.gdc
[  17% ] savezip | Storing File: res://addons/dialogue_manager/compiler/compiler.gdc
[  17% ] savezip | Storing File: res://addons/dialogue_manager/compiler/compiler_regex.gdc
[  18% ] savezip | Storing File: res://addons/dialogue_manager/compiler/compiler_result.gdc
[  18% ] savezip | Storing File: res://addons/dialogue_manager/compiler/expression_parser.gdc
[  18% ] savezip | Storing File: res://addons/dialogue_manager/compiler/resolved_goto_data.gdc
[  19% ] savezip | Storing File: res://addons/dialogue_manager/compiler/resolved_line_data.gdc
[  19% ] savezip | Storing File: res://addons/dialogue_manager/compiler/resolved_tag_data.gdc
[  19% ] savezip | Storing File: res://addons/dialogue_manager/compiler/tree_line.gdc
[  27% ] savezip | Storing File: res://scripts/data/definitions/stat_definition.gdc
[  27% ] savezip | Storing File: res://addons/dialogue_manager/example_balloon/example_balloon.gdc
[  27% ] savezip | Storing File: res://.godot/exported/133200997/export-57fc9b32a4ae3d4a3041b46baf4b8f92-example_balloon.scn
[  27% ] savezip | Storing File: res://addons/quest_system/quest_manager.gdc
[  28% ] savezip | Storing File: res://.godot/exported/133200997/export-25872080cd204f02261b5746b425708f-small_example_balloon.scn
[  28% ] savezip | Storing File: res://addons/dialogue_manager/l10n/en.po
[  28% ] savezip | Storing File: res://addons/dialogue_manager/l10n/es.po
[  28% ] savezip | Storing File: res://addons/dialogue_manager/l10n/uk.po
[  29% ] savezip | Storing File: res://addons/dialogue_manager/l10n/zh.po
[  29% ] savezip | Storing File: res://addons/dialogue_manager/l10n/zh_TW.po
[  29% ] savezip | Storing File: res://addons/dialogue_manager/nodes/actionable/dialogue_actionable_2d.gdc
[  29% ] savezip | Storing File: res://.godot/imported/dialogue_actionable_2d.svg-fab4e58d6b3980b100fb8a5494b4d5cb.ctex
[  29% ] savezip | Storing File: res://addons/dialogue_manager/nodes/actionable/dialogue_actionable_2d.svg.import
[  30% ] savezip | Storing File: res://addons/dialogue_manager/nodes/actionable/dialogue_actionable_3d.gdc
[  30% ] savezip | Storing File: res://.godot/imported/dialogue_actionable_3d.svg-66fe4924d1964b29285ae978ab731ec3.ctex
[  30% ] savezip | Storing File: res://addons/dialogue_manager/nodes/actionable/dialogue_actionable_3d.svg.import
[  30% ] savezip | Storing File: res://addons/dialogue_manager/nodes/context/dialogue_state_context.gdc
[  31% ] savezip | Storing File: res://.godot/imported/dialogue_state_context.svg-767b17bec3f66ee3adfc460e2805a08f.ctex
[  31% ] savezip | Storing File: res://addons/dialogue_manager/nodes/context/dialogue_state_context.svg.import
[  31% ] savezip | Storing File: res://addons/quest_system/quest_resource.gdc
[  31% ] savezip | Storing File: res://addons/dialogue_manager/nodes/dialogue_label/dialogue_label.gdc
[  31% ] savezip | Storing File: res://.godot/imported/dialogue_label.svg-d4dcce28fb3dfdb414d1a2c4579fb6a5.ctex
[  31% ] savezip | Storing File: res://addons/dialogue_manager/nodes/dialogue_label/dialogue_label.svg.import
[  32% ] savezip | Storing File: res://.godot/exported/133200997/export-f17cdb592963b4d3f609d8b86d4cd429-dialogue_label.scn
[  32% ] savezip | Storing File: res://addons/dialogue_manager/nodes/marker/dialogue_marker_2d.gdc
[  32% ] savezip | Storing File: res://.godot/imported/dialogue_marker_2d.svg-1eedb01d2a05819be5ce0e675c93eeab.ctex
[  32% ] savezip | Storing File: res://addons/dialogue_manager/nodes/marker/dialogue_marker_2d.svg.import
[  32% ] savezip | Storing File: res://addons/dialogue_manager/nodes/marker/dialogue_marker_3d.gdc
[  33% ] savezip | Storing File: res://.godot/imported/dialogue_marker_3d.svg-f68ab9ede59096854a7c6ee123dd8e4e.ctex
[  33% ] savezip | Storing File: res://addons/dialogue_manager/nodes/marker/dialogue_marker_3d.svg.import
[  33% ] savezip | Storing File: res://addons/dialogue_manager/nodes/responses_menu/dialogue_responses_menu.gdc
[  33% ] savezip | Storing File: res://.godot/imported/dialogue_responses_menu.svg-c2f1aeac68c19756dc5732e31dba2439.ctex
[  33% ] savezip | Storing File: res://addons/dialogue_manager/nodes/responses_menu/dialogue_responses_menu.svg.import
[  33% ] savezip | Storing File: res://addons/dialogue_manager/utilities/builtins.gdc
[  33% ] savezip | Storing File: res://addons/dialogue_manager/utilities/dialogue_cache.gdc
[  33% ] savezip | Storing File: res://addons/dialogue_manager/utilities/error.gdc
[  33% ] savezip | Storing File: res://addons/dialogue_manager/utilities/theme_values.gdc
[  33% ] savezip | Storing File: res://addons/dialogue_manager/utilities/translations.gdc
[  34% ] savezip | Storing File: res://addons/dialogue_manager/utilities/waiter.gdc
[  36% ] savezip | Storing File: res://addons/dialogue_manager/constants.gdc
[  36% ] savezip | Storing File: res://addons/dialogue_manager/debugger_plugin.gdc
[  36% ] savezip | Storing File: res://addons/dialogue_manager/dialogue_line.gdc
[  36% ] savezip | Storing File: res://addons/dialogue_manager/dialogue_manager.gdc
[  37% ] savezip | Storing File: res://addons/dialogue_manager/dialogue_processor.gdc
[  37% ] savezip | Storing File: res://addons/dialogue_manager/dialogue_resource.gdc
[  37% ] savezip | Storing File: res://addons/dialogue_manager/dialogue_response.gdc
[  37% ] savezip | Storing File: res://addons/dialogue_manager/editor_translation_parser_plugin.gdc
[  38% ] savezip | Storing File: res://addons/dialogue_manager/export_plugin.gdc
[  38% ] savezip | Storing File: res://addons/dialogue_manager/import_plugin.gdc
[  38% ] savezip | Storing File: res://addons/dialogue_manager/inspector_plugin.gdc
[  38% ] savezip | Storing File: res://addons/dialogue_manager/plugin.gdc
[  39% ] savezip | Storing File: res://addons/dialogue_manager/settings.gdc
[  39% ] savezip | Storing File: res://addons/dialogue_manager/test_scene.gdc
[  39% ] savezip | Storing File: res://.godot/exported/133200997/export-74a175fe1e216df3bdf79c5c27a2ac2c-test_scene.scn
[  39% ] savezip | Storing File: res://addons/godot_state_charts/utilities/editor_debugger/editor_debugger.gdc
[  40% ] savezip | Storing File: res://.godot/exported/133200997/export-6593bf77f28de54bbe2169cb0d6c2678-editor_debugger.scn
[  40% ] savezip | Storing File: res://addons/godot_state_charts/utilities/editor_debugger/editor_debugger_message.gdc
[  40% ] savezip | Storing File: res://addons/godot_state_charts/utilities/editor_debugger/editor_debugger_plugin.gdc
[  40% ] savezip | Storing File: res://addons/godot_state_charts/utilities/editor_debugger/editor_debugger_remote.gdc
[  41% ] savezip | Storing File: res://addons/godot_state_charts/utilities/editor_debugger/editor_debugger_settings_propagator.gdc
[  41% ] savezip | Storing File: res://addons/godot_state_charts/utilities/editor_debugger/editor_debugger_state_info.gdc
[  41% ] savezip | Storing File: res://addons/godot_state_charts/utilities/event_editor/event_editor.gdc
[  42% ] savezip | Storing File: res://addons/godot_state_charts/utilities/event_editor/event_inspector_plugin.gdc
[  42% ] savezip | Storing File: res://addons/godot_state_charts/utilities/event_refactor/event_refactor.gdc
[  42% ] savezip | Storing File: res://.godot/exported/133200997/export-b80a8508b527a774be752a0236bbafd0-event_refactor.scn
[  42% ] savezip | Storing File: res://addons/godot_state_charts/utilities/debugger_history.gdc
[  43% ] savezip | Storing File: res://addons/godot_state_charts/utilities/editor_sidebar.gdc
[  43% ] savezip | Storing File: res://.godot/exported/133200997/export-df2d4cfb237df792ce3cd52de2fbb820-editor_sidebar.scn
[  43% ] savezip | Storing File: res://addons/godot_state_charts/utilities/ring_buffer.gdc
[  43% ] savezip | Storing File: res://addons/godot_state_charts/utilities/state_chart_debugger.gdc
[  44% ] savezip | Storing File: res://.godot/imported/state_chart_debugger.svg-84b90904efaf4dffb8ff9ef4bed14dd2.ctex
[  44% ] savezip | Storing File: res://addons/godot_state_charts/utilities/state_chart_debugger.svg.import
[  44% ] savezip | Storing File: res://.godot/exported/133200997/export-6a5e4d68230ed0f2c2536fee1232a133-state_chart_debugger.scn
[  44% ] savezip | Storing File: res://addons/godot_state_charts/utilities/state_chart_util.gdc
[  44% ] savezip | Storing File: res://addons/godot_state_charts/all_of_guard.gdc
[  45% ] savezip | Storing File: res://.godot/imported/all_of_guard.svg-49642db22a4a20844b2d39e67c930c8b.ctex
[  45% ] savezip | Storing File: res://addons/godot_state_charts/all_of_guard.svg.import
[  45% ] savezip | Storing File: res://addons/godot_state_charts/animation_player_state.gdc
[  45% ] savezip | Storing File: res://.godot/imported/animation_player_state.svg-1acd03c414690dd7446458c5293935cb.ctex
[  45% ] savezip | Storing File: res://addons/godot_state_charts/animation_player_state.svg.import
[  45% ] savezip | Storing File: res://addons/godot_state_charts/animation_tree_state.gdc
[  46% ] savezip | Storing File: res://.godot/imported/animation_tree_state.svg-b99077fc178cfa1e23b2c854c7735c4a.ctex
[  46% ] savezip | Storing File: res://addons/godot_state_charts/animation_tree_state.svg.import
[  46% ] savezip | Storing File: res://addons/godot_state_charts/any_of_guard.gdc
[  46% ] savezip | Storing File: res://.godot/imported/any_of_guard.svg-3b1aa026a997dbfebde2cc5993b5c820.ctex
[  46% ] savezip | Storing File: res://addons/godot_state_charts/any_of_guard.svg.import
[  46% ] savezip | Storing File: res://addons/godot_state_charts/atomic_state.gdc
[  47% ] savezip | Storing File: res://.godot/imported/atomic_state.svg-5ab16e5747cef5b5980c4bf84ef9b1af.ctex
[  47% ] savezip | Storing File: res://addons/godot_state_charts/atomic_state.svg.import
[  47% ] savezip | Storing File: res://addons/godot_state_charts/compound_state.gdc
[  47% ] savezip | Storing File: res://.godot/imported/compound_state.svg-84780d78ec1f15e1cbb9d20f4df031a7.ctex
[  47% ] savezip | Storing File: res://addons/godot_state_charts/compound_state.svg.import
[  48% ] savezip | Storing File: res://addons/godot_state_charts/debug_util.gdc
[  48% ] savezip | Storing File: res://addons/godot_state_charts/expression_guard.gdc
[  48% ] savezip | Storing File: res://.godot/imported/expression_guard.svg-e0dc5b3c566ccd2411887df3fe1bbb2b.ctex
[  48% ] savezip | Storing File: res://addons/godot_state_charts/expression_guard.svg.import
[  48% ] savezip | Storing File: res://addons/godot_state_charts/expression_util.gdc
[  49% ] savezip | Storing File: res://addons/godot_state_charts/godot_state_charts.gdc
[  49% ] savezip | Storing File: res://addons/godot_state_charts/guard.gdc
[  49% ] savezip | Storing File: res://.godot/imported/guard.svg-d0ead7a3baf32c0a7719fb3b73645353.ctex
[  49% ] savezip | Storing File: res://addons/godot_state_charts/guard.svg.import
[  49% ] savezip | Storing File: res://addons/godot_state_charts/history_state.gdc
[  50% ] savezip | Storing File: res://.godot/imported/history_state.svg-7ed355ddc4d844fa3139e70c23187edd.ctex
[  50% ] savezip | Storing File: res://addons/godot_state_charts/history_state.svg.import
[  50% ] savezip | Storing File: res://addons/godot_state_charts/not_guard.gdc
[  50% ] savezip | Storing File: res://.godot/imported/not_guard.svg-b2d127d6ec93eb4ce2d86c4aadb7bbfe.ctex
[  50% ] savezip | Storing File: res://addons/godot_state_charts/not_guard.svg.import
[  50% ] savezip | Storing File: res://addons/godot_state_charts/parallel_state.gdc
[  51% ] savezip | Storing File: res://.godot/imported/parallel_state.svg-33f40e94bafae79f072d67563e0adcd3.ctex
[  51% ] savezip | Storing File: res://addons/godot_state_charts/parallel_state.svg.import
[  51% ] savezip | Storing File: res://addons/godot_state_charts/saved_state.gdc
[  51% ] savezip | Storing File: res://addons/godot_state_charts/serialized_state_chart.gdc
[  51% ] savezip | Storing File: res://addons/godot_state_charts/serialized_state_chart_state.gdc
[  52% ] savezip | Storing File: res://addons/godot_state_charts/state_chart.gdc
[  52% ] savezip | Storing File: res://.godot/imported/state_chart.svg-5c268dd045b20d73dfacd5cdf7606676.ctex
[  52% ] savezip | Storing File: res://addons/godot_state_charts/state_chart.svg.import
[  52% ] savezip | Storing File: res://addons/godot_state_charts/state_chart_serializer.gdc
[  53% ] savezip | Storing File: res://addons/godot_state_charts/state_chart_state.gdc
[  53% ] savezip | Storing File: res://addons/godot_state_charts/state_is_active_guard.gdc
[  53% ] savezip | Storing File: res://.godot/imported/state_is_active_guard.svg-d4eaf044adc73632156a007f84651435.ctex
[  53% ] savezip | Storing File: res://addons/godot_state_charts/state_is_active_guard.svg.import
[  53% ] savezip | Storing File: res://.godot/imported/toggle_sidebar.svg-99e4fe22fa516ab6214c0533adb07ec0.ctex
[  53% ] savezip | Storing File: res://addons/godot_state_charts/toggle_sidebar.svg.import
[  54% ] savezip | Storing File: res://addons/godot_state_charts/transition.gdc
[  54% ] savezip | Storing File: res://.godot/imported/transition.svg-20a1a52a85a71c731b2386952d47b2f7.ctex
[  54% ] savezip | Storing File: res://addons/godot_state_charts/transition.svg.import
[  54% ] savezip | Storing File: res://addons/limboai/bin/limboai.gdextension
[  54% ] savezip | Storing File: res://.godot/imported/BehaviorTree.svg-9b40a8b5e1feb368d9f11b0fb1785cca.ctex
[  54% ] savezip | Storing File: res://addons/limboai/icons/BehaviorTree.svg.import
[  55% ] savezip | Storing File: res://.godot/imported/BehaviorTreeView.svg-15f9bfa321ed4a264ed8404fd13b53fc.ctex
[  55% ] savezip | Storing File: res://addons/limboai/icons/BehaviorTreeView.svg.import
[  55% ] savezip | Storing File: res://.godot/imported/BlackboardPlan.svg-9029b7aa87de8b935d9cad63480a6a16.ctex
[  55% ] savezip | Storing File: res://addons/limboai/icons/BlackboardPlan.svg.import
[  55% ] savezip | Storing File: res://.godot/imported/BTAction.svg-a43c04a25802778fc1e8d98b5915e67c.ctex
[  55% ] savezip | Storing File: res://addons/limboai/icons/BTAction.svg.import
[  55% ] savezip | Storing File: res://.godot/imported/BTAlwaysFail.svg-9a4e083bd8ff0d6d8240b50ae0d4cea0.ctex
[  55% ] savezip | Storing File: res://addons/limboai/icons/BTAlwaysFail.svg.import
[  56% ] savezip | Storing File: res://.godot/imported/BTAlwaysSucceed.svg-c8181e2fd85d1e2ad00a6c8e813e7a94.ctex
[  56% ] savezip | Storing File: res://addons/limboai/icons/BTAlwaysSucceed.svg.import
[  56% ] savezip | Storing File: res://.godot/imported/BTAwaitAnimation.svg-d8d736b3e349e2f77119fde575996909.ctex
[  56% ] savezip | Storing File: res://addons/limboai/icons/BTAwaitAnimation.svg.import
[  56% ] savezip | Storing File: res://.godot/imported/BTCallMethod.svg-f41bac2a2119be3591af9424d2c32d9a.ctex
[  56% ] savezip | Storing File: res://addons/limboai/icons/BTCallMethod.svg.import
[  56% ] savezip | Storing File: res://.godot/imported/BTCheckAgentProperty.svg-2ed4c1d109d23a5287ed6f1262e23f15.ctex
[  56% ] savezip | Storing File: res://addons/limboai/icons/BTCheckAgentProperty.svg.import
[  57% ] savezip | Storing File: res://.godot/imported/BTCheckTrigger.svg-79349468c66ee41b0a126720f8ecda55.ctex
[  57% ] savezip | Storing File: res://addons/limboai/icons/BTCheckTrigger.svg.import
[  57% ] savezip | Storing File: res://.godot/imported/BTCheckVar.svg-7b3af543bb4450e9a6d56df48f06064e.ctex
[  57% ] savezip | Storing File: res://addons/limboai/icons/BTCheckVar.svg.import
[  57% ] savezip | Storing File: res://.godot/imported/BTComment.svg-84a811fb1f7563bc02c1f584b4085d5c.ctex
[  57% ] savezip | Storing File: res://addons/limboai/icons/BTComment.svg.import
[  57% ] savezip | Storing File: res://.godot/imported/BTCondition.svg-546aa4361ccfe650098b5f6867299d1a.ctex
[  57% ] savezip | Storing File: res://addons/limboai/icons/BTCondition.svg.import
[  58% ] savezip | Storing File: res://.godot/imported/BTConsolePrint.svg-4190426bb73da16c143878c233af4bc3.ctex
[  58% ] savezip | Storing File: res://addons/limboai/icons/BTConsolePrint.svg.import
[  58% ] savezip | Storing File: res://.godot/imported/BTCooldown.svg-b168adee5e8762abc08102408ea327d5.ctex
[  58% ] savezip | Storing File: res://addons/limboai/icons/BTCooldown.svg.import
[  58% ] savezip | Storing File: res://.godot/imported/BTDecorator.svg-dae9ebd6f4667ba4d2ac62518ef141d6.ctex
[  58% ] savezip | Storing File: res://addons/limboai/icons/BTDecorator.svg.import
[  59% ] savezip | Storing File: res://.godot/imported/BTDelay.svg-1eb814224ebee27c668e10a73d85b845.ctex
[  59% ] savezip | Storing File: res://addons/limboai/icons/BTDelay.svg.import
[  59% ] savezip | Storing File: res://.godot/imported/BTDynamicSelector.svg-d88a1aa9fb8d8826b74e69dad4c99f54.ctex
[  59% ] savezip | Storing File: res://addons/limboai/icons/BTDynamicSelector.svg.import
[  59% ] savezip | Storing File: res://.godot/imported/BTDynamicSequence.svg-d2b6a83c37a1553bc168a9837ae0cb1d.ctex
[  59% ] savezip | Storing File: res://addons/limboai/icons/BTDynamicSequence.svg.import
[  59% ] savezip | Storing File: res://.godot/imported/BTEvaluateExpression.svg-d9edc0d3cf9dd54c6a34ffc8a23bf8e3.ctex
[  59% ] savezip | Storing File: res://addons/limboai/icons/BTEvaluateExpression.svg.import
[  60% ] savezip | Storing File: res://.godot/imported/BTFail.svg-0440819265455ee47b2cf2ca8f1b8018.ctex
[  60% ] savezip | Storing File: res://addons/limboai/icons/BTFail.svg.import
[  60% ] savezip | Storing File: res://.godot/imported/BTForEach.svg-4ca6daee422cda100144e3414286df7f.ctex
[  60% ] savezip | Storing File: res://addons/limboai/icons/BTForEach.svg.import
[  60% ] savezip | Storing File: res://.godot/imported/BTInvert.svg-19687b5c798f968b9610763066baa2a0.ctex
[  60% ] savezip | Storing File: res://addons/limboai/icons/BTInvert.svg.import
[  60% ] savezip | Storing File: res://.godot/imported/BTNewScope.svg-d536a90c30773badb76653d8c928cfe0.ctex
[  60% ] savezip | Storing File: res://addons/limboai/icons/BTNewScope.svg.import
[  61% ] savezip | Storing File: res://.godot/imported/BTParallel.svg-54126e7f374b26a890ddd82c580db45c.ctex
[  61% ] savezip | Storing File: res://addons/limboai/icons/BTParallel.svg.import
[  61% ] savezip | Storing File: res://.godot/imported/BTPauseAnimation.svg-e1bc0cf7bcd45a0faa047192242d174b.ctex
[  61% ] savezip | Storing File: res://addons/limboai/icons/BTPauseAnimation.svg.import
[  61% ] savezip | Storing File: res://.godot/imported/BTPlayAnimation.svg-8821f3b3413b9b328414add0e843468c.ctex
[  61% ] savezip | Storing File: res://addons/limboai/icons/BTPlayAnimation.svg.import
[  61% ] savezip | Storing File: res://.godot/imported/BTPlayer.svg-ed7adc3cf4a0f3daa1e17a1a77e9a3a2.ctex
[  61% ] savezip | Storing File: res://addons/limboai/icons/BTPlayer.svg.import
[  62% ] savezip | Storing File: res://.godot/imported/BTProbability.svg-f691fbf51ca49bc268a17742b1e04985.ctex
[  62% ] savezip | Storing File: res://addons/limboai/icons/BTProbability.svg.import
[  62% ] savezip | Storing File: res://.godot/imported/BTProbabilitySelector.svg-30f59f4e802f72a701d9d31f605a64f2.ctex
[  62% ] savezip | Storing File: res://addons/limboai/icons/BTProbabilitySelector.svg.import
[  62% ] savezip | Storing File: res://.godot/imported/BTRandomSelector.svg-4bae5a6e3e1affdd4952e8bff4c018ff.ctex
[  62% ] savezip | Storing File: res://addons/limboai/icons/BTRandomSelector.svg.import
[  62% ] savezip | Storing File: res://.godot/imported/BTRandomSequence.svg-85ce4b080ec904d340a807de2669110d.ctex
[  62% ] savezip | Storing File: res://addons/limboai/icons/BTRandomSequence.svg.import
[  63% ] savezip | Storing File: res://.godot/imported/BTRandomWait.svg-14f03a0fb52c993ec1cdbb780d9dfea3.ctex
[  63% ] savezip | Storing File: res://addons/limboai/icons/BTRandomWait.svg.import
[  63% ] savezip | Storing File: res://.godot/imported/BTRepeat.svg-ca1efcf8bdef890d4575f2bf66ba0a8d.ctex
[  63% ] savezip | Storing File: res://addons/limboai/icons/BTRepeat.svg.import
[  63% ] savezip | Storing File: res://.godot/imported/BTRepeatUntilFailure.svg-97ff99132cb6b229bb78050959a89118.ctex
[  63% ] savezip | Storing File: res://addons/limboai/icons/BTRepeatUntilFailure.svg.import
[  63% ] savezip | Storing File: res://.godot/imported/BTRepeatUntilSuccess.svg-160e74b6885a57a745db349d6f7004a8.ctex
[  63% ] savezip | Storing File: res://addons/limboai/icons/BTRepeatUntilSuccess.svg.import
[  64% ] savezip | Storing File: res://.godot/imported/BTRunLimit.svg-eb80a597bf9102a626f8c0e9663703d1.ctex
[  64% ] savezip | Storing File: res://addons/limboai/icons/BTRunLimit.svg.import
[  64% ] savezip | Storing File: res://.godot/imported/BTSelector.svg-859c7746bc77c632d2a60052d2e96cf0.ctex
[  64% ] savezip | Storing File: res://addons/limboai/icons/BTSelector.svg.import
[  64% ] savezip | Storing File: res://.godot/imported/BTSequence.svg-3dfd257b3424273ac1ea2f8a48dab7b6.ctex
[  64% ] savezip | Storing File: res://addons/limboai/icons/BTSequence.svg.import
[  65% ] savezip | Storing File: res://.godot/imported/BTSetAgentProperty.svg-8183ecffb47d990ae67daaad34563dc5.ctex
[  65% ] savezip | Storing File: res://addons/limboai/icons/BTSetAgentProperty.svg.import
[  65% ] savezip | Storing File: res://.godot/imported/BTSetVar.svg-a8c4f135c2df6bc3f587cbd9f1fe2d95.ctex
[  65% ] savezip | Storing File: res://addons/limboai/icons/BTSetVar.svg.import
[  65% ] savezip | Storing File: res://.godot/imported/BTState.svg-71220d904fcc42cc20dd0af8145f86a0.ctex
[  65% ] savezip | Storing File: res://addons/limboai/icons/BTState.svg.import
[  65% ] savezip | Storing File: res://.godot/imported/BTStopAnimation.svg-ea88498cd747a6218f7853f6be3ded34.ctex
[  65% ] savezip | Storing File: res://addons/limboai/icons/BTStopAnimation.svg.import
[  66% ] savezip | Storing File: res://.godot/imported/BTSubtree.svg-aa8f2ece5e71aca9132a08c7af1c1ce5.ctex
[  66% ] savezip | Storing File: res://addons/limboai/icons/BTSubtree.svg.import
[  66% ] savezip | Storing File: res://.godot/imported/BTTimeLimit.svg-ea3ca26eeb5c2b59f3fdb6e806985f3b.ctex
[  66% ] savezip | Storing File: res://addons/limboai/icons/BTTimeLimit.svg.import
[  66% ] savezip | Storing File: res://.godot/imported/BTWait.svg-2a5d27d0c617861f027b2e66516aa5bf.ctex
[  66% ] savezip | Storing File: res://addons/limboai/icons/BTWait.svg.import
[  66% ] savezip | Storing File: res://.godot/imported/BTWaitTicks.svg-85a005f86874f6811423163f3f5673b2.ctex
[  66% ] savezip | Storing File: res://addons/limboai/icons/BTWaitTicks.svg.import
[  66% ] savezip | Storing File: res://.godot/imported/LimboAI.svg-06efe3b51f2fc280e33c37672e174b5e.ctex
[  66% ] savezip | Storing File: res://addons/limboai/icons/LimboAI.svg.import
[  66% ] savezip | Storing File: res://.godot/imported/LimboDeselectAll.svg-72ebb41c0238cae163a7bf3fc821e6ad.ctex
[  66% ] savezip | Storing File: res://addons/limboai/icons/LimboDeselectAll.svg.import
[  66% ] savezip | Storing File: res://.godot/imported/LimboEditBlackboard.svg-eacd7cf985d654974a99a4009ffcc125.ctex
[  66% ] savezip | Storing File: res://addons/limboai/icons/LimboEditBlackboard.svg.import
[  66% ] savezip | Storing File: res://.godot/imported/LimboExtraBlackboard.svg-45ef3f1dea682b1da438186cfcc0f47b.ctex
[  66% ] savezip | Storing File: res://addons/limboai/icons/LimboExtraBlackboard.svg.import
[  67% ] savezip | Storing File: res://.godot/imported/LimboExtraClock.svg-840321103249948265bce58e6fb69483.ctex
[  67% ] savezip | Storing File: res://addons/limboai/icons/LimboExtraClock.svg.import
[  67% ] savezip | Storing File: res://.godot/imported/LimboExtractSubtree.svg-84e8d198d3be4b2b8d625d3621368079.ctex
[  67% ] savezip | Storing File: res://addons/limboai/icons/LimboExtractSubtree.svg.import
[  67% ] savezip | Storing File: res://.godot/imported/LimboExtraVariable.svg-dc718672cf9e469886aa48452fdda7b0.ctex
[  67% ] savezip | Storing File: res://addons/limboai/icons/LimboExtraVariable.svg.import
[  67% ] savezip | Storing File: res://.godot/imported/LimboHSM.svg-28cca67d246d589dd15402abd78a1ec2.ctex
[  67% ] savezip | Storing File: res://addons/limboai/icons/LimboHSM.svg.import
[  68% ] savezip | Storing File: res://.godot/imported/LimboPercent.svg-00733fc19fb3bbe7f8396b1f07a89da0.ctex
[  68% ] savezip | Storing File: res://addons/limboai/icons/LimboPercent.svg.import
[  68% ] savezip | Storing File: res://.godot/imported/LimboSelectAll.svg-db7b91d0d0b530b8e41c9d3772e60fab.ctex
[  68% ] savezip | Storing File: res://addons/limboai/icons/LimboSelectAll.svg.import
[  68% ] savezip | Storing File: res://.godot/imported/LimboState.svg-b1db06d5ed3101ee6256deae4330f6b7.ctex
[  68% ] savezip | Storing File: res://addons/limboai/icons/LimboState.svg.import
[  68% ] savezip | Storing File: res://.godot/imported/LimboVarAdd.svg-101bcdd036315254e4b61e13747c0788.ctex
[  68% ] savezip | Storing File: res://addons/limboai/icons/LimboVarAdd.svg.import
[  69% ] savezip | Storing File: res://.godot/imported/LimboVarEmpty.svg-3014256fb5cd566cab45b3327d98988d.ctex
[  69% ] savezip | Storing File: res://addons/limboai/icons/LimboVarEmpty.svg.import
[  69% ] savezip | Storing File: res://.godot/imported/LimboVarError.svg-d9f1ab3e5b2cbb6e0013b65ddb23c1cf.ctex
[  69% ] savezip | Storing File: res://addons/limboai/icons/LimboVarError.svg.import
[  69% ] savezip | Storing File: res://.godot/imported/LimboVarExists.svg-20d2e0b4a7a064b9c6d2cc44711570dd.ctex
[  69% ] savezip | Storing File: res://addons/limboai/icons/LimboVarExists.svg.import
[  70% ] savezip | Storing File: res://.godot/imported/LimboVarNotFound.svg-fce88dc2c01e17a54455124e43955f9d.ctex
[  70% ] savezip | Storing File: res://addons/limboai/icons/LimboVarNotFound.svg.import
[  70% ] savezip | Storing File: res://.godot/imported/LimboVarPrivate.svg-99b4229567f7f98cdabf892099c91da2.ctex
[  70% ] savezip | Storing File: res://addons/limboai/icons/LimboVarPrivate.svg.import
[  70% ] savezip | Storing File: res://.godot/imported/PhantomCameraBtnPrimaryDefault.png-fcf3696b583a82b1078609a5bfd648f5.ctex
[  70% ] savezip | Storing File: res://addons/phantom_camera/assets/PhantomCameraBtnPrimaryDefault.png.import
[  70% ] savezip | Storing File: res://.godot/imported/PhantomCameraBtnPrimaryHover.png-3d2e4d225f6a86ce8a9c981ee7926a16.ctex
[  70% ] savezip | Storing File: res://addons/phantom_camera/assets/PhantomCameraBtnPrimaryHover.png.import
[  71% ] savezip | Storing File: res://scripts/domain/state/battle_state.gdc
[  71% ] savezip | Storing File: res://scripts/data/catalog_validator.gdc
[  71% ] savezip | Storing File: res://scripts/presentation/mode_view.gdc
[  71% ] savezip | Storing File: res://scripts/data/content_catalog.gdc
[  72% ] savezip | Storing File: res://scripts/domain/state/hero_state.gdc
[  72% ] savezip | Storing File: res://scripts/domain/commands/command_result.gdc
[  72% ] savezip | Storing File: res://scripts/data/definitions/status_definition.gdc
[  72% ] savezip | Storing File: res://scripts/domain/commands/command_resolver.gdc
[  73% ] savezip | Storing File: res://scripts/domain/rules/rng_stream.gdc
[  73% ] savezip | Storing File: res://scripts/data/definitions/skill_rank.gdc
[  73% ] savezip | Storing File: res://scripts/data/definitions/room_definition.gdc
[  73% ] savezip | Storing File: res://scripts/data/definitions/combination_definition.gdc
[  74% ] savezip | Storing File: res://scripts/data/definitions/actor_definition.gdc
[  74% ] savezip | Storing File: res://assets/licenses/third_party_notices.txt
[  74% ] savezip | Storing File: res://scripts/domain/rules/rule_limits.gdc
[  74% ] savezip | Storing File: res://.godot/imported/icon.svg-218a8f2b3041327d8a5756f3a245f83b.ctex
[  74% ] savezip | Storing File: res://icon.svg.import
[  75% ] savezip | Storing File: res://scripts/data/definitions/item_definition.gdc
[  75% ] savezip | Storing File: res://scripts/domain/state/item_state.gdc
[  75% ] savezip | Storing File: res://scripts/data/definitions/skill_definition.gdc
[  76% ] savezip | Storing File: res://scripts/data/definitions/content_definition.gdc
[  76% ] savezip | Storing File: res://addons/quest_system/plugin.gdc
[  76% ] savezip | Storing File: res://.godot/imported/dungeon_mark.svg-08b2df1c94e9c5b2739c62a5113d8539.ctex
[  76% ] savezip | Storing File: res://assets/art/dungeon_mark.svg.import
[  76% ] savezip | Storing File: res://scripts/domain/state/actor_state.gdc
[  77% ] savezip | Storing File: res://scripts/domain/state/status_state.gdc
[  77% ] savezip | Storing File: res://scripts/domain/rules/weighted_dice.gdc
[  77% ] savezip | Storing File: res://addons/quest_system/translation_plugin.gdc
[  77% ] savezip | Storing File: res://.godot/exported/133200997/export-ffc4eb80c12bfd0ea096af95b5ec5914-shell_theme.res
[  78% ] savezip | Storing File: res://addons/quest_system/abstract_manager.gdc
[  78% ] savezip | Storing File: res://scripts/data/definitions/encounter_definition.gdc
[  78% ] savezip | Storing File: res://addons/quest_system/active_pool.gdc
[  78% ] savezip | Storing File: res://.godot/exported/133200997/export-926eb131de12e9cb4c99cabd2d2ca84e-shell_font.res
[  79% ] savezip | Storing File: res://addons/quest_system/settings.gdc
[  79% ] savezip | Storing File: res://scripts/application/addon_lifecycle.gdc
[  79% ] savezip | Storing File: res://scripts/application/main.gdc
[  79% ] savezip | Storing File: res://addons/quest_system/views/update_dialog.gdc
[  80% ] savezip | Storing File: res://scripts/data/definitions/catalog_manifest.gdc
[  80% ] savezip | Storing File: res://scripts/application/shell_input_map.gdc
[  80% ] savezip | Storing File: res://addons/quest_system/available_pool.gdc
[  80% ] savezip | Storing File: res://.godot/exported/133200997/export-ee2cd238868d35d1acd6c1f9ddaf723e-update_dialog.scn
[  81% ] savezip | Storing File: res://addons/quest_system/base_quest_pool.gdc
[  81% ] savezip | Storing File: res://.godot/exported/133200997/export-b8283932d91069aeaa3768d375ce8ea4-sword.res
[  81% ] savezip | Storing File: res://.godot/exported/133200997/export-f841dc8c675fd8c2a1773716d672397e-fortified.res
[  82% ] savezip | Storing File: res://.godot/exported/133200997/export-83f86184f1c43d40c06423c1c6eef4f7-strength.res
[  82% ] savezip | Storing File: res://.godot/exported/133200997/export-57f436bf5b1febf103fc869c6cdc43a2-defense.res
[  82% ] savezip | Storing File: res://.godot/exported/133200997/export-95f133e99cbe7b9e793bf2875b855b5d-enemy_strike.res
[  82% ] savezip | Storing File: res://scripts/domain/commands/domain_command.gdc
[  83% ] savezip | Storing File: res://scripts/domain/rules/rng_streams.gdc
[  83% ] savezip | Storing File: res://.godot/imported/PriorityOverride.svg-e76e07f4bbd98169f119e17fe5f2f03f.ctex
[  83% ] savezip | Storing File: res://addons/phantom_camera/icons/misc/PriorityOverride.svg.import
[  83% ] savezip | Storing File: res://.godot/imported/Camera2DIcon.svg-300e6f57281180711c5ecf391104d4ba.ctex
[  83% ] savezip | Storing File: res://addons/phantom_camera/icons/viewfinder/Camera2DIcon.svg.import
[  83% ] savezip | Storing File: res://.godot/imported/Camera3DIcon.svg-4805c46004db1c89cc9443dd740693f5.ctex
[  83% ] savezip | Storing File: res://addons/phantom_camera/icons/viewfinder/Camera3DIcon.svg.import
[  84% ] savezip | Storing File: res://.godot/imported/SceneTypesIcon.svg-66e2255bd3398007bec03a5cbfa4d0aa.ctex
[  84% ] savezip | Storing File: res://addons/phantom_camera/icons/viewfinder/SceneTypesIcon.svg.import
[  84% ] savezip | Storing File: res://.godot/imported/Select.svg-cdf90b8b400d3b91a023b70c6a823894.ctex
[  84% ] savezip | Storing File: res://addons/phantom_camera/icons/viewfinder/Select.svg.import
[  84% ] savezip | Storing File: res://.godot/imported/phantom_camera_2d.svg-e5483cbc858fc5f95f7210b1649dff0d.ctex
[  84% ] savezip | Storing File: res://addons/phantom_camera/icons/phantom_camera_2d.svg.import
[  84% ] savezip | Storing File: res://.godot/imported/phantom_camera_3d.svg-41ed612e834470377fb56eebffa083fe.ctex
[  84% ] savezip | Storing File: res://addons/phantom_camera/icons/phantom_camera_3d.svg.import
[  85% ] savezip | Storing File: res://.godot/imported/phantom_camera_camera_3d_resource.svg-f8bf8d1a5b7442fd6933bfbed999d57d.ctex
[  85% ] savezip | Storing File: res://addons/phantom_camera/icons/phantom_camera_camera_3d_resource.svg.import
[  85% ] savezip | Storing File: res://.godot/imported/phantom_camera_gizmo.svg-ba1aacb9b1c5f4ef401d3bd3697a542b.etc2.ctex
[  85% ] savezip | Storing File: res://addons/phantom_camera/icons/phantom_camera_gizmo.svg.import
[  85% ] savezip | Storing File: res://.godot/imported/phantom_camera_glow_logo.png-078f944973b55b32029ba02980211fe0.ctex
[  85% ] savezip | Storing File: res://addons/phantom_camera/icons/phantom_camera_glow_logo.png.import
[  85% ] savezip | Storing File: res://.godot/imported/phantom_camera_host.svg-3150f8f2d82ca9ecab9a3a415da21c5b.ctex
[  85% ] savezip | Storing File: res://addons/phantom_camera/icons/phantom_camera_host.svg.import
[  86% ] savezip | Storing File: res://.godot/imported/phantom_camera_logo.png-8b8d347b5e4800c86cd8095d030a3e5a.ctex
[  86% ] savezip | Storing File: res://addons/phantom_camera/icons/phantom_camera_logo.png.import
[  86% ] savezip | Storing File: res://.godot/imported/phantom_camera_noise_emitter_2d.svg-1b3d37fe36964dc86a6ea6681d0772bb.ctex
[  86% ] savezip | Storing File: res://addons/phantom_camera/icons/phantom_camera_noise_emitter_2d.svg.import
[  86% ] savezip | Storing File: res://.godot/imported/phantom_camera_noise_emitter_3d.svg-9b90fe54aa618f65d52ac94515d41ea4.etc2.ctex
[  86% ] savezip | Storing File: res://addons/phantom_camera/icons/phantom_camera_noise_emitter_3d.svg.import
[  86% ] savezip | Storing File: res://.godot/imported/phantom_camera_noise_emitter_gizmo.svg-9a593802655a8d5038c7f55deab3882d.etc2.ctex
[  86% ] savezip | Storing File: res://addons/phantom_camera/icons/phantom_camera_noise_emitter_gizmo.svg.import
[  87% ] savezip | Storing File: res://.godot/imported/phantom_camera_noise_resource.svg-a81ed223714edd2c0d9cfa00be0c3f58.ctex
[  87% ] savezip | Storing File: res://addons/phantom_camera/icons/phantom_camera_noise_resource.svg.import
[  87% ] savezip | Storing File: res://.godot/imported/phantom_camera_tween.svg-16faced08ef4a5f3458264d894230dbd.ctex
[  87% ] savezip | Storing File: res://addons/phantom_camera/icons/phantom_camera_tween.svg.import
[  87% ] savezip | Storing File: res://.godot/imported/phantom_camera_tween_director.svg-999c3b505bf600b9a4ec1a0f36d7c1b1.ctex
[  87% ] savezip | Storing File: res://addons/phantom_camera/icons/phantom_camera_tween_director.svg.import
[  88% ] savezip | Storing File: res://.godot/imported/phantom_camera_tween_director_resource.svg-c9a50db0f74687c6a6da2a59e7b47920.ctex
[  88% ] savezip | Storing File: res://addons/phantom_camera/icons/phantom_camera_tween_director_resource.svg.import
[  88% ] savezip | Storing File: res://.godot/imported/phantom_camera_updater_panel_icon.svg-19823e6cbee8115f8b2554d0ee6e79db.ctex
[  88% ] savezip | Storing File: res://addons/phantom_camera/icons/phantom_camera_updater_panel_icon.svg.import
[  88% ] savezip | Storing File: res://.godot/imported/warning.svg-c1b21c265e0842bbdc9ed10735995366.ctex
[  88% ] savezip | Storing File: res://addons/phantom_camera/icons/warning.svg.import
[  88% ] savezip | Storing File: res://addons/phantom_camera/inspector/phantom_camera_inspector_plugin.gdc
[  89% ] savezip | Storing File: res://.godot/exported/133200997/export-b18846f949fdde134e15a0ad0f5e2908-weakened.res
[  89% ] savezip | Storing File: res://.godot/exported/133200997/export-a7c30e047a59b2b50fc6f2720c22e391-training_enemy.res
[  89% ] savezip | Storing File: res://.godot/exported/133200997/export-bd0084ab4f66d4fbae95888df3690899-fortify.res
[  89% ] savezip | Storing File: res://.godot/exported/133200997/export-5933e016c97008abafc2d53cf5717b3b-training.res
[  90% ] savezip | Storing File: res://.godot/exported/133200997/export-d671bf1713db7afd49aa1170818463e6-training.res
[  90% ] savezip | Storing File: res://.godot/exported/133200997/export-199b9577710d8c40952ced9478d504fb-training_sword.res
[  90% ] savezip | Storing File: res://.godot/exported/133200997/export-7d7e4b67dc1dbe63ae154e1ad2d9170e-hero.res
[  90% ] savezip | Storing File: res://.godot/exported/133200997/export-6bf481a4d2d7aabf6d8b43ac7f567238-catalog.res
[  91% ] savezip | Storing File: res://addons/phantom_camera/scripts/gizmos/phantom_camera_3d_gizmo.gdc
[  91% ] savezip | Storing File: res://addons/phantom_camera/scripts/gizmos/phantom_camera_3d_gizmo_plugin.gdc
[  91% ] savezip | Storing File: res://addons/phantom_camera/scripts/gizmos/phantom_camera_noise_emitter_gizmo_plugin_3d.gdc
[  91% ] savezip | Storing File: res://addons/phantom_camera/scripts/managers/phantom_camera_manager.gdc
[  92% ] savezip | Storing File: res://addons/phantom_camera/scripts/panel/updater/download_update_panel.gdc
[  92% ] savezip | Storing File: res://addons/phantom_camera/scripts/panel/updater/updater_constants.gdc
[  92% ] savezip | Storing File: res://addons/phantom_camera/scripts/panel/updater/update_button.gdc
[  92% ] savezip | Storing File: res://addons/phantom_camera/scripts/panel/viewfinder/host_list.gdc
[  93% ] savezip | Storing File: res://addons/phantom_camera/scripts/panel/viewfinder/host_list_item.gdc
[  93% ] savezip | Storing File: res://addons/phantom_camera/scripts/panel/viewfinder/viewfinder.gdc
[  93% ] savezip | Storing File: res://addons/phantom_camera/scripts/panel/editor.gdc
[  94% ] savezip | Storing File: res://addons/phantom_camera/scripts/phantom_camera/phantom_camera_2d.gdc
[  94% ] savezip | Storing File: res://addons/phantom_camera/scripts/phantom_camera/phantom_camera_3d.gdc
[  94% ] savezip | Storing File: res://addons/phantom_camera/scripts/phantom_camera/phantom_camera_constants.gdc
[  94% ] savezip | Storing File: res://addons/phantom_camera/scripts/phantom_camera/phantom_camera_noise_emitter_2d.gdc
[  95% ] savezip | Storing File: res://addons/phantom_camera/scripts/phantom_camera/phantom_camera_noise_emitter_3d.gdc
[  95% ] savezip | Storing File: res://addons/phantom_camera/scripts/phantom_camera/phantom_camera_tween_director.gdc
[  95% ] savezip | Storing File: res://addons/phantom_camera/scripts/phantom_camera_host/phantom_camera_host.gdc
[  95% ] savezip | Storing File: res://addons/phantom_camera/scripts/resources/camera_3d_resource.gdc
[  96% ] savezip | Storing File: res://addons/phantom_camera/scripts/resources/phantom_camera_noise_2d.gdc
[  96% ] savezip | Storing File: res://addons/phantom_camera/scripts/resources/phantom_camera_noise_3d.gdc
[  96% ] savezip | Storing File: res://addons/phantom_camera/scripts/resources/tween_director_resource.gdc
[  96% ] savezip | Storing File: res://addons/phantom_camera/scripts/resources/tween_resource.gdc
[  97% ] savezip | Storing File: res://.godot/exported/133200997/export-3ad5c15c4f3250da0cc7c1af1770d85f-main.scn
[  97% ] savezip | Storing File: res://addons/quest_system/completed_pool.gdc
[  97% ] savezip | Storing File: res://scripts/domain/state/session_shell.gdc
[  97% ] savezip | Storing File: res://.godot/exported/133200997/export-0e0e2dfc448c73a9613bcc3ec79180ac-mode_view.scn
[  98% ] savezip | Storing File: res://addons/phantom_camera/plugin.gdc
[  98% ] savezip | Storing File: res://.godot/imported/quest_resource.svg-94cc2ab8366cd24c1a2ed5238c9edb86.ctex
[  98% ] savezip | Storing File: res://addons/quest_system/assets/quest_resource.svg.import
[  98% ] savezip | Storing File: res://.godot/imported/update.svg-6b2008c4976c1b24467000932ef7aafb.ctex
[  98% ] savezip | Storing File: res://addons/quest_system/assets/update.svg.import
[  98% ] savezip | Storing File: res://addons/beckett/runtime/beckett_autoload.gd.remap
[  98% ] savezip | Storing File: res://addons/dialogue_manager/compiler/compilation.gd.remap
[  98% ] savezip | Storing File: res://addons/dialogue_manager/compiler/compiled_line.gd.remap
[  98% ] savezip | Storing File: res://addons/dialogue_manager/compiler/compiler.gd.remap
[  98% ] savezip | Storing File: res://addons/dialogue_manager/compiler/compiler_regex.gd.remap
[  98% ] savezip | Storing File: res://addons/dialogue_manager/compiler/compiler_result.gd.remap
[  98% ] savezip | Storing File: res://addons/dialogue_manager/compiler/expression_parser.gd.remap
[  98% ] savezip | Storing File: res://addons/dialogue_manager/compiler/resolved_goto_data.gd.remap
[  98% ] savezip | Storing File: res://addons/dialogue_manager/compiler/resolved_line_data.gd.remap
[  98% ] savezip | Storing File: res://addons/dialogue_manager/compiler/resolved_tag_data.gd.remap
[  98% ] savezip | Storing File: res://addons/dialogue_manager/compiler/tree_line.gd.remap
[  98% ] savezip | Storing File: res://scripts/data/definitions/stat_definition.gd.remap
[  98% ] savezip | Storing File: res://addons/dialogue_manager/example_balloon/example_balloon.gd.remap
[  98% ] savezip | Storing File: res://addons/dialogue_manager/example_balloon/example_balloon.tscn.remap
[  98% ] savezip | Storing File: res://addons/quest_system/quest_manager.gd.remap
[  98% ] savezip | Storing File: res://addons/dialogue_manager/example_balloon/small_example_balloon.tscn.remap
[  98% ] savezip | Storing File: res://addons/dialogue_manager/nodes/actionable/dialogue_actionable_2d.gd.remap
[  98% ] savezip | Storing File: res://addons/dialogue_manager/nodes/actionable/dialogue_actionable_3d.gd.remap
[  98% ] savezip | Storing File: res://addons/dialogue_manager/nodes/context/dialogue_state_context.gd.remap
[  98% ] savezip | Storing File: res://addons/quest_system/quest_resource.gd.remap
[  98% ] savezip | Storing File: res://addons/dialogue_manager/nodes/dialogue_label/dialogue_label.gd.remap
[  98% ] savezip | Storing File: res://addons/dialogue_manager/nodes/dialogue_label/dialogue_label.tscn.remap
[  98% ] savezip | Storing File: res://addons/dialogue_manager/nodes/marker/dialogue_marker_2d.gd.remap
[  98% ] savezip | Storing File: res://addons/dialogue_manager/nodes/marker/dialogue_marker_3d.gd.remap
[  98% ] savezip | Storing File: res://addons/dialogue_manager/nodes/responses_menu/dialogue_responses_menu.gd.remap
[  98% ] savezip | Storing File: res://addons/dialogue_manager/utilities/builtins.gd.remap
[  98% ] savezip | Storing File: res://addons/dialogue_manager/utilities/dialogue_cache.gd.remap
[  98% ] savezip | Storing File: res://addons/dialogue_manager/utilities/error.gd.remap
[  98% ] savezip | Storing File: res://addons/dialogue_manager/utilities/theme_values.gd.remap
[  98% ] savezip | Storing File: res://addons/dialogue_manager/utilities/translations.gd.remap
[  98% ] savezip | Storing File: res://addons/dialogue_manager/utilities/waiter.gd.remap
[  98% ] savezip | Storing File: res://addons/dialogue_manager/constants.gd.remap
[  98% ] savezip | Storing File: res://addons/dialogue_manager/debugger_plugin.gd.remap
[  98% ] savezip | Storing File: res://addons/dialogue_manager/dialogue_line.gd.remap
[  98% ] savezip | Storing File: res://addons/dialogue_manager/dialogue_manager.gd.remap
[  98% ] savezip | Storing File: res://addons/dialogue_manager/dialogue_processor.gd.remap
[  98% ] savezip | Storing File: res://addons/dialogue_manager/dialogue_resource.gd.remap
[  98% ] savezip | Storing File: res://addons/dialogue_manager/dialogue_response.gd.remap
[  98% ] savezip | Storing File: res://addons/dialogue_manager/editor_translation_parser_plugin.gd.remap
[  98% ] savezip | Storing File: res://addons/dialogue_manager/export_plugin.gd.remap
[  98% ] savezip | Storing File: res://addons/dialogue_manager/import_plugin.gd.remap
[  98% ] savezip | Storing File: res://addons/dialogue_manager/inspector_plugin.gd.remap
[  98% ] savezip | Storing File: res://addons/dialogue_manager/plugin.gd.remap
[  98% ] savezip | Storing File: res://addons/dialogue_manager/settings.gd.remap
[  98% ] savezip | Storing File: res://addons/dialogue_manager/test_scene.gd.remap
[  98% ] savezip | Storing File: res://addons/dialogue_manager/test_scene.tscn.remap
[  98% ] savezip | Storing File: res://addons/godot_state_charts/utilities/editor_debugger/editor_debugger.gd.remap
[  98% ] savezip | Storing File: res://addons/godot_state_charts/utilities/editor_debugger/editor_debugger.tscn.remap
[  98% ] savezip | Storing File: res://addons/godot_state_charts/utilities/editor_debugger/editor_debugger_message.gd.remap
[  98% ] savezip | Storing File: res://addons/godot_state_charts/utilities/editor_debugger/editor_debugger_plugin.gd.remap
[  98% ] savezip | Storing File: res://addons/godot_state_charts/utilities/editor_debugger/editor_debugger_remote.gd.remap
[  98% ] savezip | Storing File: res://addons/godot_state_charts/utilities/editor_debugger/editor_debugger_settings_propagator.gd.remap
[  98% ] savezip | Storing File: res://addons/godot_state_charts/utilities/editor_debugger/editor_debugger_state_info.gd.remap
[  98% ] savezip | Storing File: res://addons/godot_state_charts/utilities/event_editor/event_editor.gd.remap
[  98% ] savezip | Storing File: res://addons/godot_state_charts/utilities/event_editor/event_inspector_plugin.gd.remap
[  98% ] savezip | Storing File: res://addons/godot_state_charts/utilities/event_refactor/event_refactor.gd.remap
[  98% ] savezip | Storing File: res://addons/godot_state_charts/utilities/event_refactor/event_refactor.tscn.remap
[  98% ] savezip | Storing File: res://addons/godot_state_charts/utilities/debugger_history.gd.remap
[  98% ] savezip | Storing File: res://addons/godot_state_charts/utilities/editor_sidebar.gd.remap
[  98% ] savezip | Storing File: res://addons/godot_state_charts/utilities/editor_sidebar.tscn.remap
[  98% ] savezip | Storing File: res://addons/godot_state_charts/utilities/ring_buffer.gd.remap
[  98% ] savezip | Storing File: res://addons/godot_state_charts/utilities/state_chart_debugger.gd.remap
[  98% ] savezip | Storing File: res://addons/godot_state_charts/utilities/state_chart_debugger.tscn.remap
[  98% ] savezip | Storing File: res://addons/godot_state_charts/utilities/state_chart_util.gd.remap
[  98% ] savezip | Storing File: res://addons/godot_state_charts/all_of_guard.gd.remap
[  98% ] savezip | Storing File: res://addons/godot_state_charts/animation_player_state.gd.remap
[  98% ] savezip | Storing File: res://addons/godot_state_charts/animation_tree_state.gd.remap
[  98% ] savezip | Storing File: res://addons/godot_state_charts/any_of_guard.gd.remap
[  98% ] savezip | Storing File: res://addons/godot_state_charts/atomic_state.gd.remap
[  98% ] savezip | Storing File: res://addons/godot_state_charts/compound_state.gd.remap
[  98% ] savezip | Storing File: res://addons/godot_state_charts/debug_util.gd.remap
[  98% ] savezip | Storing File: res://addons/godot_state_charts/expression_guard.gd.remap
[  98% ] savezip | Storing File: res://addons/godot_state_charts/expression_util.gd.remap
[  98% ] savezip | Storing File: res://addons/godot_state_charts/godot_state_charts.gd.remap
[  98% ] savezip | Storing File: res://addons/godot_state_charts/guard.gd.remap
[  98% ] savezip | Storing File: res://addons/godot_state_charts/history_state.gd.remap
[  98% ] savezip | Storing File: res://addons/godot_state_charts/not_guard.gd.remap
[  98% ] savezip | Storing File: res://addons/godot_state_charts/parallel_state.gd.remap
[  98% ] savezip | Storing File: res://addons/godot_state_charts/saved_state.gd.remap
[  98% ] savezip | Storing File: res://addons/godot_state_charts/serialized_state_chart.gd.remap
[  98% ] savezip | Storing File: res://addons/godot_state_charts/serialized_state_chart_state.gd.remap
[  98% ] savezip | Storing File: res://addons/godot_state_charts/state_chart.gd.remap
[  98% ] savezip | Storing File: res://addons/godot_state_charts/state_chart_serializer.gd.remap
[  98% ] savezip | Storing File: res://addons/godot_state_charts/state_chart_state.gd.remap
[  98% ] savezip | Storing File: res://addons/godot_state_charts/state_is_active_guard.gd.remap
[  98% ] savezip | Storing File: res://addons/godot_state_charts/transition.gd.remap
[  98% ] savezip | Storing File: res://scripts/domain/state/battle_state.gd.remap
[  98% ] savezip | Storing File: res://scripts/data/catalog_validator.gd.remap
[  98% ] savezip | Storing File: res://scripts/presentation/mode_view.gd.remap
[  98% ] savezip | Storing File: res://scripts/data/content_catalog.gd.remap
[  98% ] savezip | Storing File: res://scripts/domain/state/hero_state.gd.remap
[  98% ] savezip | Storing File: res://scripts/domain/commands/command_result.gd.remap
[  98% ] savezip | Storing File: res://scripts/data/definitions/status_definition.gd.remap
[  98% ] savezip | Storing File: res://scripts/domain/commands/command_resolver.gd.remap
[  98% ] savezip | Storing File: res://scripts/domain/rules/rng_stream.gd.remap
[  98% ] savezip | Storing File: res://scripts/data/definitions/skill_rank.gd.remap
[  98% ] savezip | Storing File: res://scripts/data/definitions/room_definition.gd.remap
[  98% ] savezip | Storing File: res://scripts/data/definitions/combination_definition.gd.remap
[  98% ] savezip | Storing File: res://scripts/data/definitions/actor_definition.gd.remap
[  98% ] savezip | Storing File: res://scripts/domain/rules/rule_limits.gd.remap
[  98% ] savezip | Storing File: res://scripts/data/definitions/item_definition.gd.remap
[  98% ] savezip | Storing File: res://scripts/domain/state/item_state.gd.remap
[  98% ] savezip | Storing File: res://scripts/data/definitions/skill_definition.gd.remap
[  98% ] savezip | Storing File: res://scripts/data/definitions/content_definition.gd.remap
[  98% ] savezip | Storing File: res://addons/quest_system/plugin.gd.remap
[  98% ] savezip | Storing File: res://scripts/domain/state/actor_state.gd.remap
[  98% ] savezip | Storing File: res://scripts/domain/state/status_state.gd.remap
[  98% ] savezip | Storing File: res://scripts/domain/rules/weighted_dice.gd.remap
[  98% ] savezip | Storing File: res://addons/quest_system/translation_plugin.gd.remap
[  98% ] savezip | Storing File: res://scenes/ui/shell_theme.tres.remap
[  98% ] savezip | Storing File: res://addons/quest_system/abstract_manager.gd.remap
[  98% ] savezip | Storing File: res://scripts/data/definitions/encounter_definition.gd.remap
[  98% ] savezip | Storing File: res://addons/quest_system/active_pool.gd.remap
[  98% ] savezip | Storing File: res://assets/fonts/shell_font.tres.remap
[  98% ] savezip | Storing File: res://addons/quest_system/settings.gd.remap
[  98% ] savezip | Storing File: res://scripts/application/addon_lifecycle.gd.remap
[  98% ] savezip | Storing File: res://scripts/application/main.gd.remap
[  98% ] savezip | Storing File: res://addons/quest_system/views/update_dialog.gd.remap
[  98% ] savezip | Storing File: res://scripts/data/definitions/catalog_manifest.gd.remap
[  98% ] savezip | Storing File: res://scripts/application/shell_input_map.gd.remap
[  98% ] savezip | Storing File: res://addons/quest_system/available_pool.gd.remap
[  98% ] savezip | Storing File: res://addons/quest_system/views/update_dialog.tscn.remap
[  98% ] savezip | Storing File: res://addons/quest_system/base_quest_pool.gd.remap
[  98% ] savezip | Storing File: res://content/skills/sword.tres.remap
[  98% ] savezip | Storing File: res://content/statuses/fortified.tres.remap
[  98% ] savezip | Storing File: res://content/stats/strength.tres.remap
[  98% ] savezip | Storing File: res://content/stats/defense.tres.remap
[  98% ] savezip | Storing File: res://content/skills/enemy_strike.tres.remap
[  98% ] savezip | Storing File: res://scripts/domain/commands/domain_command.gd.remap
[  98% ] savezip | Storing File: res://scripts/domain/rules/rng_streams.gd.remap
[  98% ] savezip | Storing File: res://addons/phantom_camera/inspector/phantom_camera_inspector_plugin.gd.remap
[  98% ] savezip | Storing File: res://content/statuses/weakened.tres.remap
[  98% ] savezip | Storing File: res://content/actors/training_enemy.tres.remap
[  98% ] savezip | Storing File: res://content/skills/fortify.tres.remap
[  98% ] savezip | Storing File: res://content/encounters/training.tres.remap
[  98% ] savezip | Storing File: res://content/rooms/training.tres.remap
[  98% ] savezip | Storing File: res://content/items/training_sword.tres.remap
[  98% ] savezip | Storing File: res://content/actors/hero.tres.remap
[  98% ] savezip | Storing File: res://content/catalog.tres.remap
[  98% ] savezip | Storing File: res://addons/phantom_camera/scripts/gizmos/phantom_camera_3d_gizmo.gd.remap
[  98% ] savezip | Storing File: res://addons/phantom_camera/scripts/gizmos/phantom_camera_3d_gizmo_plugin.gd.remap
[  98% ] savezip | Storing File: res://addons/phantom_camera/scripts/gizmos/phantom_camera_noise_emitter_gizmo_plugin_3d.gd.remap
[  98% ] savezip | Storing File: res://addons/phantom_camera/scripts/managers/phantom_camera_manager.gd.remap
[  98% ] savezip | Storing File: res://addons/phantom_camera/scripts/panel/updater/download_update_panel.gd.remap
[  98% ] savezip | Storing File: res://addons/phantom_camera/scripts/panel/updater/updater_constants.gd.remap
[  98% ] savezip | Storing File: res://addons/phantom_camera/scripts/panel/updater/update_button.gd.remap
[  98% ] savezip | Storing File: res://addons/phantom_camera/scripts/panel/viewfinder/host_list.gd.remap
[  98% ] savezip | Storing File: res://addons/phantom_camera/scripts/panel/viewfinder/host_list_item.gd.remap
[  98% ] savezip | Storing File: res://addons/phantom_camera/scripts/panel/viewfinder/viewfinder.gd.remap
[  98% ] savezip | Storing File: res://addons/phantom_camera/scripts/panel/editor.gd.remap
[  98% ] savezip | Storing File: res://addons/phantom_camera/scripts/phantom_camera/phantom_camera_2d.gd.remap
[  98% ] savezip | Storing File: res://addons/phantom_camera/scripts/phantom_camera/phantom_camera_3d.gd.remap
[  98% ] savezip | Storing File: res://addons/phantom_camera/scripts/phantom_camera/phantom_camera_constants.gd.remap
[  98% ] savezip | Storing File: res://addons/phantom_camera/scripts/phantom_camera/phantom_camera_noise_emitter_2d.gd.remap
[  98% ] savezip | Storing File: res://addons/phantom_camera/scripts/phantom_camera/phantom_camera_noise_emitter_3d.gd.remap
[  98% ] savezip | Storing File: res://addons/phantom_camera/scripts/phantom_camera/phantom_camera_tween_director.gd.remap
[  98% ] savezip | Storing File: res://addons/phantom_camera/scripts/phantom_camera_host/phantom_camera_host.gd.remap
[  98% ] savezip | Storing File: res://addons/phantom_camera/scripts/resources/camera_3d_resource.gd.remap
[  98% ] savezip | Storing File: res://addons/phantom_camera/scripts/resources/phantom_camera_noise_2d.gd.remap
[  98% ] savezip | Storing File: res://addons/phantom_camera/scripts/resources/phantom_camera_noise_3d.gd.remap
[  98% ] savezip | Storing File: res://addons/phantom_camera/scripts/resources/tween_director_resource.gd.remap
[  98% ] savezip | Storing File: res://addons/phantom_camera/scripts/resources/tween_resource.gd.remap
[  98% ] savezip | Storing File: res://scenes/main.tscn.remap
[  98% ] savezip | Storing File: res://addons/quest_system/completed_pool.gd.remap
[  98% ] savezip | Storing File: res://scripts/domain/state/session_shell.gd.remap
[  98% ] savezip | Storing File: res://scenes/ui/mode_view.tscn.remap
[  98% ] savezip | Storing File: res://addons/phantom_camera/plugin.gd.remap
[  98% ] savezip | Storing File: res://.godot/global_script_class_cache.cfg
[  98% ] savezip | Storing File: res://icon.svg
[  98% ] savezip | Storing File: res://.godot/extension_list.cfg
[  98% ] savezip | Storing File: res://.godot/uid_cache.bin
[  98% ] savezip | Storing File: res://project.binary
[ DONE ] savezip

[beckett] kept 55 editor-only file(s) (666.0 KiB) out of the export; only the inert runtime autoload ships

EXIT_CODE: 0
