WorkerThreadPool: 12 threads, 3 max low-priority.
Godot Engine v4.7.2.stable.official.ed1daf0bf - https://godotengine.org
TextServer: Added interface "Dummy"
TextServer: Added interface "ICU / HarfBuzz / Graphite (Built-in)"
SDL: Init OK!
Using "default" pen tablet driver...

TextServer: Primary interface set to: "ICU / HarfBuzz / Graphite (Built-in)".
CORE API HASH: 2004498165
EDITOR API HASH: 1696660745
Loading resource: res://run.gd remapped: res://run.gd
Completed load for: 'res://run.gd' remapped 'res://run.gd' at thread -1
SceneTreeFTI: traversal method DEFAULT
Loaded system CA certificates
RECURSIVE_REPRO: 0
WARNING: 2 ObjectDB instances were leaked at exit (run with `--verbose` for details).
   at: cleanup (core/object/object.cpp:2536)
ERROR: 1 resources still in use at exit.
   at: clear (core/io/resource.cpp:817)
XR: Clearing primary interface
XR: Removed interface "Native mobile"
XR: Removed interface "OpenXR"
Leaked instance: GDScriptNativeClass:9223372053078344617 - Reference count: 1
Leaked instance: GDScript:9223372063144674750 - Reference count: 1
Hint: Leaked instances typically happen when nodes are removed from the scene tree (with `remove_child()`) but not freed (with `free()` or `queue_free()`).
Resource still in use: res://recursive.gd (GDScript)
Orphan StringName: children (static: 0, total: 3)
Orphan StringName: Resource (static: 1, total: 3)
Orphan StringName: RecursiveResource (static: 0, total: 3)
StringName: 3 unclaimed string names at exit.
